// Jest Snapshot v1, https://goo.gl/fbAQLP

exports[`<Button /> Render correctly Button Component 1`] = `
<View
  accessible={true}
  focusable={true}
  onClick={[Function]}
  onResponderGrant={[Function]}
  onResponderMove={[Function]}
  onResponderRelease={[Function]}
  onResponderTerminate={[Function]}
  onResponderTerminationRequest={[Function]}
  onStartShouldSetResponder={[Function]}
  style={
    Object {
      "alignItems": "center",
      "backgroundColor": "#098606",
      "borderRadius": 15,
      "justifyContent": "center",
      "marginHorizontal": 20,
      "marginVertical": 20,
      "opacity": 1,
      "paddingVertical": 13,
    }
  }
>
  <Text
    allowFontScaling={false}
    color="white"
    fontSize="15px"
    fontWeight={300}
    style={
      Array [
        Object {
          "color": "white",
          "fontSize": 15,
          "fontWeight": "300",
        },
      ]
    }
  >
    Hola
  </Text>
</View>
`;
